
ÉCHEC de la build.
    0 Avertissement(s)
    0 Erreur(s)

Temps écoulé 00:00:16.51
